{"level":"info","message":"Iniciando semilla de base de datos...","timestamp":"2026-07-14 18:50:37"}
{"level":"warn","message":"MongoDB desconectado","timestamp":"2026-07-14 18:51:07"}
{"level":"info","message":"Iniciando semilla de base de datos...","timestamp":"2026-07-14 18:52:17"}
{"level":"info","message":"Intentando conectar a MongoDB en mongodb://127.0.0.1:27017/oficina-virtual...","timestamp":"2026-07-14 18:52:17"}
{"level":"warn","message":"MongoDB desconectado","timestamp":"2026-07-14 18:52:20"}
{"level":"warn","message":"No se pudo conectar a la base de datos local de MongoDB. Iniciando base de datos en memoria (MongoMemoryServer)...","timestamp":"2026-07-14 18:52:20"}
{"level":"error","message":"Error en la conexión de MongoDB: MongoServerSelectionError: connect ECONNREFUSED 127.0.0.1:27017","timestamp":"2026-07-14 18:52:20"}
{"level":"info","message":"MongoMemoryServer iniciado en mongodb://127.0.0.1:61243/","timestamp":"2026-07-14 18:52:21"}
{"level":"info","message":"MongoDB conectado exitosamente","timestamp":"2026-07-14 18:52:21"}
{"level":"info","message":"Rol 'administrador' creado.","timestamp":"2026-07-14 18:52:21"}
{"level":"info","message":"Rol 'autorizador' creado.","timestamp":"2026-07-14 18:52:21"}
{"level":"info","message":"Rol 'medico' creado.","timestamp":"2026-07-14 18:52:21"}
{"level":"info","message":"Usuario Administrador de prueba creado (admin@oficinavirtual.com / Admin123*).","timestamp":"2026-07-14 18:52:21"}
{"level":"info","message":"Usuario Médico de prueba creado (medico@oficinavirtual.com / Medico123*).","timestamp":"2026-07-14 18:52:21"}
{"level":"info","message":"Usuario Autorizador de prueba creado (autorizador@oficinavirtual.com / Autorizador123*).","timestamp":"2026-07-14 18:52:21"}
{"level":"info","message":"Semilla de base de datos completada exitosamente.","timestamp":"2026-07-14 18:52:21"}
{"level":"warn","message":"MongoDB desconectado","timestamp":"2026-07-14 18:52:21"}
{"level":"info","message":"Iniciando semilla de base de datos...","timestamp":"2026-07-14 19:29:51"}
{"level":"info","message":"Intentando conectar a MongoDB en mongodb://127.0.0.1:27017/oficina-virtual...","timestamp":"2026-07-14 19:29:51"}
{"level":"warn","message":"MongoDB desconectado","timestamp":"2026-07-14 19:29:54"}
{"level":"warn","message":"No se pudo conectar a la base de datos local de MongoDB. Iniciando base de datos en memoria (MongoMemoryServer)...","timestamp":"2026-07-14 19:29:54"}
{"level":"error","message":"Error en la conexión de MongoDB: MongoServerSelectionError: connect ECONNREFUSED 127.0.0.1:27017","timestamp":"2026-07-14 19:29:55"}
{"level":"info","message":"MongoMemoryServer iniciado en mongodb://127.0.0.1:31011/","timestamp":"2026-07-14 19:29:55"}
{"level":"info","message":"MongoDB conectado exitosamente","timestamp":"2026-07-14 19:29:55"}
{"level":"info","message":"Rol 'administrador' creado.","timestamp":"2026-07-14 19:29:55"}
{"level":"info","message":"Rol 'autorizador' creado.","timestamp":"2026-07-14 19:29:55"}
{"level":"info","message":"Rol 'medico' creado.","timestamp":"2026-07-14 19:29:55"}
{"level":"info","message":"Usuario Administrador de prueba creado (admin@oficinavirtual.com / Admin123*).","timestamp":"2026-07-14 19:29:55"}
{"level":"info","message":"Usuario Médico de prueba creado (medico@oficinavirtual.com / Medico123*).","timestamp":"2026-07-14 19:29:55"}
{"level":"info","message":"Usuario Autorizador de prueba creado (autorizador@oficinavirtual.com / Autorizador123*).","timestamp":"2026-07-14 19:29:55"}
{"level":"info","message":"Semilla de base de datos completada exitosamente.","timestamp":"2026-07-14 19:29:55"}
{"level":"info","message":"Intentando conectar a MongoDB en mongodb://127.0.0.1:27017/oficina-virtual...","timestamp":"2026-07-14 19:34:08"}
{"level":"warn","message":"MongoDB desconectado","timestamp":"2026-07-14 19:34:11"}
{"level":"warn","message":"No se pudo conectar a la base de datos local de MongoDB. Iniciando base de datos en memoria (MongoMemoryServer)...","timestamp":"2026-07-14 19:34:11"}
{"level":"error","message":"Error en la conexión de MongoDB: MongoServerSelectionError: connect ECONNREFUSED 127.0.0.1:27017","timestamp":"2026-07-14 19:34:12"}
{"level":"info","message":"MongoMemoryServer iniciado en mongodb://127.0.0.1:64505/","timestamp":"2026-07-14 19:34:12"}
{"level":"info","message":"MongoDB conectado exitosamente","timestamp":"2026-07-14 19:34:12"}
{"level":"info","message":"=================================","timestamp":"2026-07-14 19:34:12"}
{"level":"info","message":" Servidor iniciado en puerto 4000 ","timestamp":"2026-07-14 19:34:12"}
{"level":"info","message":" Entorno: development ","timestamp":"2026-07-14 19:34:12"}
{"level":"info","message":" Documentación: http://localhost:4000/api-docs ","timestamp":"2026-07-14 19:34:12"}
{"level":"info","message":"=================================","timestamp":"2026-07-14 19:34:12"}
{"level":"info","message":"Intentando conectar a MongoDB en mongodb+srv://allrg1104:vL4leF1sPmgI5w2Z@cluster0.xtqyw.mongodb.net/BD_Coomeva?retryWrites=true&w=majority&appName=Cluster0...","timestamp":"2026-07-14 20:54:12"}
{"level":"warn","message":"MongoDB desconectado","timestamp":"2026-07-14 20:54:12"}
{"level":"warn","message":"No se pudo conectar a la base de datos local de MongoDB. Iniciando base de datos en memoria (MongoMemoryServer)...","timestamp":"2026-07-14 20:54:12"}
{"level":"error","message":"Error en la conexión de MongoDB: Error: querySrv ECONNREFUSED _mongodb._tcp.cluster0.xtqyw.mongodb.net","timestamp":"2026-07-14 20:54:12"}
{"level":"info","message":"MongoMemoryServer iniciado en mongodb://127.0.0.1:11008/","timestamp":"2026-07-14 20:54:13"}
{"level":"info","message":"MongoDB conectado exitosamente","timestamp":"2026-07-14 20:54:13"}
{"level":"info","message":"=================================","timestamp":"2026-07-14 20:54:13"}
{"level":"info","message":" Servidor iniciado en puerto 4000 ","timestamp":"2026-07-14 20:54:13"}
{"level":"info","message":" Entorno: development ","timestamp":"2026-07-14 20:54:13"}
{"level":"info","message":" Documentación: http://localhost:4000/api-docs ","timestamp":"2026-07-14 20:54:13"}
{"level":"info","message":"=================================","timestamp":"2026-07-14 20:54:13"}
{"level":"info","message":"Recibida señal de apagado, cerrando servidor...","timestamp":"2026-07-14 20:55:00"}
{"level":"info","message":"Intentando conectar a MongoDB en mongodb+srv://allrg1104:vL4leF1sPmgI5w2Z@cluster0.xtqyw.mongodb.net/BD_Coomeva?retryWrites=true&w=majority&appName=Cluster0...","timestamp":"2026-07-15 22:11:42"}
{"level":"warn","message":"MongoDB desconectado","timestamp":"2026-07-15 22:11:42"}
{"level":"warn","message":"No se pudo conectar a la base de datos local de MongoDB. Iniciando base de datos en memoria (MongoMemoryServer)...","timestamp":"2026-07-15 22:11:42"}
{"level":"error","message":"Error en la conexión de MongoDB: Error: querySrv ECONNREFUSED _mongodb._tcp.cluster0.xtqyw.mongodb.net","timestamp":"2026-07-15 22:11:42"}
{"level":"info","message":"MongoMemoryServer iniciado en mongodb://127.0.0.1:12542/","timestamp":"2026-07-15 22:11:43"}
{"level":"info","message":"MongoDB conectado exitosamente","timestamp":"2026-07-15 22:11:43"}
{"level":"info","message":"=================================","timestamp":"2026-07-15 22:11:43"}
{"level":"info","message":" Servidor iniciado en puerto 4000 ","timestamp":"2026-07-15 22:11:43"}
{"level":"info","message":" Entorno: development ","timestamp":"2026-07-15 22:11:43"}
{"level":"info","message":" Documentación: http://localhost:4000/api-docs ","timestamp":"2026-07-15 22:11:43"}
{"level":"info","message":"=================================","timestamp":"2026-07-15 22:11:43"}
{"level":"info","message":"[AUDIT] Action: LOGIN_FAILED | User: Sistema / Anónimo (N/A) | Details: Intento fallido para el correo: medico@oficinavirtual.com","timestamp":"2026-07-15 22:11:53"}
{"level":"info","message":"[AUDIT] Action: LOGIN_FAILED | User: Sistema / Anónimo (N/A) | Details: Intento fallido para el correo: autorizador@oficinavirtual.com","timestamp":"2026-07-15 22:11:57"}
{"level":"info","message":"[AUDIT] Action: LOGIN_FAILED | User: Sistema / Anónimo (N/A) | Details: Intento fallido para el correo: admin@oficinavirtual.com","timestamp":"2026-07-15 22:12:09"}
{"level":"info","message":"[AUDIT] Action: LOGIN_FAILED | User: Sistema / Anónimo (N/A) | Details: Intento fallido para el correo: medico@oficinavirtual.com","timestamp":"2026-07-15 22:17:48"}
{"level":"info","message":"Iniciando semilla de base de datos...","timestamp":"2026-07-15 22:25:43"}
{"level":"info","message":"Intentando conectar a MongoDB en mongodb+srv://allrg1104:vL4leF1sPmgI5w2Z@cluster0.xtqyw.mongodb.net/BD_Coomeva?retryWrites=true&w=majority&appName=Cluster0...","timestamp":"2026-07-15 22:25:43"}
{"level":"warn","message":"MongoDB desconectado","timestamp":"2026-07-15 22:25:43"}
{"level":"warn","message":"No se pudo conectar a la base de datos local de MongoDB. Iniciando base de datos en memoria (MongoMemoryServer)...","timestamp":"2026-07-15 22:25:43"}
{"level":"error","message":"Error en la conexión de MongoDB: Error: querySrv ECONNREFUSED _mongodb._tcp.cluster0.xtqyw.mongodb.net","timestamp":"2026-07-15 22:25:43"}
{"level":"info","message":"MongoMemoryServer iniciado en mongodb://127.0.0.1:27826/","timestamp":"2026-07-15 22:25:44"}
{"level":"info","message":"MongoDB conectado exitosamente","timestamp":"2026-07-15 22:25:44"}
{"level":"info","message":"Rol 'administrador' creado.","timestamp":"2026-07-15 22:25:44"}
{"level":"info","message":"Rol 'autorizador' creado.","timestamp":"2026-07-15 22:25:44"}
{"level":"info","message":"Rol 'medico' creado.","timestamp":"2026-07-15 22:25:44"}
{"level":"info","message":"Usuario Administrador de prueba creado (admin@oficinavirtual.com / Admin123*).","timestamp":"2026-07-15 22:25:44"}
{"level":"info","message":"Usuario Médico de prueba creado (medico@oficinavirtual.com / Medico123*).","timestamp":"2026-07-15 22:25:44"}
{"level":"info","message":"Usuario Autorizador de prueba creado (autorizador@oficinavirtual.com / Autorizador123*).","timestamp":"2026-07-15 22:25:44"}
{"level":"info","message":"Recibida señal de apagado, cerrando servidor...","timestamp":"2026-07-15 22:27:28"}
{"level":"info","message":"Iniciando semilla de base de datos...","timestamp":"2026-07-15 22:27:38"}
{"level":"info","message":"Intentando conectar a MongoDB en mongodb+srv://allrg1104:vL4leF1sPmgI5w2Z@cluster0.xtqyw.mongodb.net/BD_Coomeva?retryWrites=true&w=majority&appName=Cluster0...","timestamp":"2026-07-15 22:27:38"}
{"level":"warn","message":"MongoDB desconectado","timestamp":"2026-07-15 22:27:38"}
{"level":"warn","message":"No se pudo conectar a la base de datos local de MongoDB. Iniciando base de datos en memoria (MongoMemoryServer)...","timestamp":"2026-07-15 22:27:38"}
{"level":"error","message":"Error en la conexión de MongoDB: Error: querySrv ECONNREFUSED _mongodb._tcp.cluster0.xtqyw.mongodb.net","timestamp":"2026-07-15 22:27:39"}
{"level":"info","message":"MongoMemoryServer iniciado en mongodb://127.0.0.1:41882/","timestamp":"2026-07-15 22:27:39"}
{"level":"info","message":"MongoDB conectado exitosamente","timestamp":"2026-07-15 22:27:39"}
{"level":"info","message":"Rol 'administrador' creado.","timestamp":"2026-07-15 22:27:40"}
{"level":"info","message":"Rol 'autorizador' creado.","timestamp":"2026-07-15 22:27:40"}
{"level":"info","message":"Rol 'medico' creado.","timestamp":"2026-07-15 22:27:40"}
{"level":"info","message":"Usuario Administrador de prueba creado (admin@oficinavirtual.com / Admin123*).","timestamp":"2026-07-15 22:27:40"}
{"level":"info","message":"Usuario Médico de prueba creado (medico@oficinavirtual.com / Medico123*).","timestamp":"2026-07-15 22:27:40"}
{"level":"info","message":"Usuario Autorizador de prueba creado (autorizador@oficinavirtual.com / Autorizador123*).","timestamp":"2026-07-15 22:27:40"}
{"level":"info","message":"Semilla de base de datos completada exitosamente.","timestamp":"2026-07-15 22:27:40"}
{"level":"warn","message":"MongoDB desconectado","timestamp":"2026-07-15 22:27:40"}
{"level":"info","message":"Iniciando semilla de base de datos...","timestamp":"2026-07-15 22:35:02"}
{"level":"info","message":"Intentando conectar a MongoDB en mongodb+srv://allrg1104:odZrI0xwsjhSq5UC@cluster0.xtqyw.mongodb.net/BD_OfVirtual?appName=Cluster0...","timestamp":"2026-07-15 22:35:02"}
{"level":"warn","message":"MongoDB desconectado","timestamp":"2026-07-15 22:35:02"}
{"level":"warn","message":"No se pudo conectar a la base de datos local de MongoDB. Iniciando base de datos en memoria (MongoMemoryServer)...","timestamp":"2026-07-15 22:35:02"}
{"level":"error","message":"Error en la conexión de MongoDB: Error: querySrv ECONNREFUSED _mongodb._tcp.cluster0.xtqyw.mongodb.net","timestamp":"2026-07-15 22:35:02"}
{"level":"info","message":"MongoMemoryServer iniciado en mongodb://127.0.0.1:40840/","timestamp":"2026-07-15 22:35:03"}
{"level":"info","message":"MongoDB conectado exitosamente","timestamp":"2026-07-15 22:35:03"}
{"level":"info","message":"Rol 'administrador' creado.","timestamp":"2026-07-15 22:35:03"}
{"level":"info","message":"Rol 'autorizador' creado.","timestamp":"2026-07-15 22:35:03"}
{"level":"info","message":"Rol 'medico' creado.","timestamp":"2026-07-15 22:35:03"}
{"level":"info","message":"Usuario Administrador de prueba creado (admin@oficinavirtual.com / Admin123*).","timestamp":"2026-07-15 22:35:03"}
{"level":"info","message":"Usuario Médico de prueba creado (medico@oficinavirtual.com / Medico123*).","timestamp":"2026-07-15 22:35:03"}
{"level":"info","message":"Usuario Autorizador de prueba creado (autorizador@oficinavirtual.com / Autorizador123*).","timestamp":"2026-07-15 22:35:03"}
{"level":"info","message":"Semilla de base de datos completada exitosamente.","timestamp":"2026-07-15 22:35:03"}
{"level":"warn","message":"MongoDB desconectado","timestamp":"2026-07-15 22:35:03"}
{"level":"info","message":"Intentando conectar a MongoDB en mongodb+srv://allrg1104:odZrI0xwsjhSq5UC@cluster0.xtqyw.mongodb.net/BD_OfVirtual?appName=Cluster0...","timestamp":"2026-07-15 22:35:36"}
{"level":"warn","message":"MongoDB desconectado","timestamp":"2026-07-15 22:35:36"}
{"level":"warn","message":"No se pudo conectar a la base de datos local de MongoDB. Iniciando base de datos en memoria (MongoMemoryServer)...","timestamp":"2026-07-15 22:35:36"}
{"level":"error","message":"Error en la conexión de MongoDB: Error: querySrv ECONNREFUSED _mongodb._tcp.cluster0.xtqyw.mongodb.net","timestamp":"2026-07-15 22:35:37"}
{"level":"info","message":"MongoMemoryServer iniciado en mongodb://127.0.0.1:19977/","timestamp":"2026-07-15 22:35:37"}
{"level":"info","message":"MongoDB conectado exitosamente","timestamp":"2026-07-15 22:35:37"}
{"level":"info","message":"=================================","timestamp":"2026-07-15 22:35:37"}
{"level":"info","message":" Servidor iniciado en puerto 4000 ","timestamp":"2026-07-15 22:35:37"}
{"level":"info","message":" Entorno: development ","timestamp":"2026-07-15 22:35:37"}
{"level":"info","message":" Documentación: http://localhost:4000/api-docs ","timestamp":"2026-07-15 22:35:37"}
{"level":"info","message":"=================================","timestamp":"2026-07-15 22:35:37"}
{"level":"info","message":"[AUDIT] Action: LOGIN_FAILED | User: Sistema / Anónimo (N/A) | Details: Intento fallido para el correo: medico@oficinavirtual.com","timestamp":"2026-07-15 22:36:07"}
{"level":"info","message":"[AUDIT] Action: LOGIN_FAILED | User: Sistema / Anónimo (N/A) | Details: Intento fallido para el correo: medico@oficinavirtual.com","timestamp":"2026-07-15 22:36:15"}
{"level":"info","message":"Recibida señal de apagado, cerrando servidor...","timestamp":"2026-07-15 22:39:09"}
{"level":"info","message":"Iniciando semilla de base de datos...","timestamp":"2026-07-15 22:58:55"}
{"level":"info","message":"Intentando conectar a MongoDB en mongodb://127.0.0.1:27017/BD_OfVirtual...","timestamp":"2026-07-15 22:58:55"}
{"level":"warn","message":"MongoDB desconectado","timestamp":"2026-07-15 22:58:58"}
{"level":"warn","message":"No se pudo conectar a la base de datos local de MongoDB. Iniciando base de datos en memoria (MongoMemoryServer)...","timestamp":"2026-07-15 22:58:58"}
{"level":"error","message":"Error en la conexión de MongoDB: MongoServerSelectionError: connect ECONNREFUSED 127.0.0.1:27017","timestamp":"2026-07-15 22:58:58"}
{"level":"info","message":"MongoMemoryServer iniciado en mongodb://127.0.0.1:11950/","timestamp":"2026-07-15 22:58:58"}
{"level":"info","message":"MongoDB conectado exitosamente","timestamp":"2026-07-15 22:58:58"}
{"level":"info","message":"Rol 'administrador' creado.","timestamp":"2026-07-15 22:58:58"}
{"level":"info","message":"Rol 'autorizador' creado.","timestamp":"2026-07-15 22:58:58"}
{"level":"info","message":"Rol 'medico' creado.","timestamp":"2026-07-15 22:58:58"}
{"level":"info","message":"Usuario Administrador de prueba creado (admin@oficinavirtual.com / Admin123*).","timestamp":"2026-07-15 22:58:59"}
{"level":"info","message":"Usuario Médico de prueba creado (medico@oficinavirtual.com / Medico123*).","timestamp":"2026-07-15 22:58:59"}
{"level":"info","message":"Usuario Autorizador de prueba creado (autorizador@oficinavirtual.com / Autorizador123*).","timestamp":"2026-07-15 22:58:59"}
{"level":"info","message":"Semilla de base de datos completada exitosamente.","timestamp":"2026-07-15 22:58:59"}
{"level":"info","message":"Intentando conectar a MongoDB en mongodb://127.0.0.1:27017/BD_OfVirtual...","timestamp":"2026-07-15 22:59:26"}
{"level":"warn","message":"MongoDB desconectado","timestamp":"2026-07-15 22:59:29"}
{"level":"warn","message":"No se pudo conectar a la base de datos local de MongoDB. Iniciando base de datos en memoria (MongoMemoryServer)...","timestamp":"2026-07-15 22:59:29"}
{"level":"error","message":"Error en la conexión de MongoDB: MongoServerSelectionError: connect ECONNREFUSED 127.0.0.1:27017","timestamp":"2026-07-15 22:59:29"}
{"level":"info","message":"MongoMemoryServer iniciado en mongodb://127.0.0.1:24487/","timestamp":"2026-07-15 22:59:30"}
{"level":"info","message":"MongoDB conectado exitosamente","timestamp":"2026-07-15 22:59:30"}
{"level":"info","message":"=================================","timestamp":"2026-07-15 22:59:30"}
{"level":"info","message":" Servidor iniciado en puerto 4000 ","timestamp":"2026-07-15 22:59:30"}
{"level":"info","message":" Entorno: development ","timestamp":"2026-07-15 22:59:30"}
{"level":"info","message":" Documentación: http://localhost:4000/api-docs ","timestamp":"2026-07-15 22:59:30"}
{"level":"info","message":"=================================","timestamp":"2026-07-15 22:59:30"}
{"level":"info","message":"[AUDIT] Action: LOGIN_FAILED | User: Sistema / Anónimo (N/A) | Details: Intento fallido para el correo: medico@oficinavirtual.com","timestamp":"2026-07-15 22:59:53"}
{"level":"warn","message":"MongoDB desconectado","timestamp":"2026-07-15 23:06:10"}
{"level":"info","message":"Iniciando semilla de base de datos...","timestamp":"2026-07-15 23:21:39"}
{"level":"info","message":"Intentando conectar a MongoDB en mongodb://127.0.0.1:27017/BD_OfVirtual...","timestamp":"2026-07-15 23:21:39"}
{"level":"info","message":"MongoDB conectado exitosamente","timestamp":"2026-07-15 23:21:39"}
{"level":"info","message":"Rol 'administrador' creado.","timestamp":"2026-07-15 23:21:40"}
{"level":"info","message":"Rol 'autorizador' creado.","timestamp":"2026-07-15 23:21:40"}
{"level":"info","message":"Rol 'medico' creado.","timestamp":"2026-07-15 23:21:40"}
{"level":"info","message":"Usuario Administrador de prueba creado (admin@oficinavirtual.com / Admin123*).","timestamp":"2026-07-15 23:21:40"}
{"level":"info","message":"Usuario Médico de prueba creado (medico@oficinavirtual.com / Medico123*).","timestamp":"2026-07-15 23:21:40"}
{"level":"info","message":"Usuario Autorizador de prueba creado (autorizador@oficinavirtual.com / Autorizador123*).","timestamp":"2026-07-15 23:21:40"}
{"level":"info","message":"Semilla de base de datos completada exitosamente.","timestamp":"2026-07-15 23:21:40"}
{"level":"warn","message":"MongoDB desconectado","timestamp":"2026-07-15 23:21:40"}
{"level":"info","message":"Iniciando semilla de base de datos...","timestamp":"2026-07-15 23:22:16"}
{"level":"info","message":"Intentando conectar a MongoDB en mongodb://127.0.0.1:27017/BD_OfVirtual...","timestamp":"2026-07-15 23:22:16"}
{"level":"info","message":"MongoDB conectado exitosamente","timestamp":"2026-07-15 23:22:16"}
{"level":"info","message":"Rol 'administrador' ya existía. Permisos actualizados.","timestamp":"2026-07-15 23:22:16"}
{"level":"info","message":"Rol 'autorizador' ya existía. Permisos actualizados.","timestamp":"2026-07-15 23:22:16"}
{"level":"info","message":"Rol 'medico' ya existía. Permisos actualizados.","timestamp":"2026-07-15 23:22:16"}
{"level":"info","message":"Usuario Administrador ya existe.","timestamp":"2026-07-15 23:22:16"}
{"level":"info","message":"Usuario Médico ya existe.","timestamp":"2026-07-15 23:22:16"}
{"level":"info","message":"Usuario Autorizador ya existe.","timestamp":"2026-07-15 23:22:16"}
{"level":"info","message":"Semilla de base de datos completada exitosamente.","timestamp":"2026-07-15 23:22:16"}
{"level":"warn","message":"MongoDB desconectado","timestamp":"2026-07-15 23:22:16"}
{"level":"info","message":"Intentando conectar a MongoDB en mongodb://127.0.0.1:27017/BD_OfVirtual...","timestamp":"2026-07-15 23:22:32"}
{"level":"info","message":"MongoDB conectado exitosamente","timestamp":"2026-07-15 23:22:32"}
{"level":"info","message":"=================================","timestamp":"2026-07-15 23:22:32"}
{"level":"info","message":" Servidor iniciado en puerto 4000 ","timestamp":"2026-07-15 23:22:32"}
{"level":"info","message":" Entorno: development ","timestamp":"2026-07-15 23:22:32"}
{"level":"info","message":" Documentación: http://localhost:4000/api-docs ","timestamp":"2026-07-15 23:22:32"}
{"level":"info","message":"=================================","timestamp":"2026-07-15 23:22:32"}
{"level":"info","message":"[AUDIT] Action: LOGIN_SUCCESS | User: Dr. Alejandro Martínez (medico) | Details: Inicio de sesión exitoso","timestamp":"2026-07-15 23:23:17"}
{"level":"info","message":"[AUDIT] Action: CREATE_REQUEST | User: Dr. Alejandro Martínez (medico) | Details: Solicitud de autorización creada para el paciente: 1144101596 (ID: 6a585d1320805f8b29f47f21)","timestamp":"2026-07-15 23:24:51"}
{"level":"info","message":"[AUDIT] Action: LOGOUT | User: Dr. Alejandro Martínez (medico) | Details: Cierre de sesión","timestamp":"2026-07-15 23:25:56"}
{"level":"info","message":"[AUDIT] Action: LOGIN_SUCCESS | User: Dra. Patricia Restrepo (autorizador) | Details: Inicio de sesión exitoso","timestamp":"2026-07-15 23:26:00"}
{"level":"info","message":"[AUDIT] Action: LOGOUT | User: Dra. Patricia Restrepo (autorizador) | Details: Cierre de sesión","timestamp":"2026-07-15 23:26:28"}
{"level":"info","message":"[AUDIT] Action: LOGIN_SUCCESS | User: Administrador Oficina Virtual (administrador) | Details: Inicio de sesión exitoso","timestamp":"2026-07-15 23:26:32"}
{"level":"info","message":"[AUDIT] Action: LOGOUT | User: Administrador Oficina Virtual (administrador) | Details: Cierre de sesión","timestamp":"2026-07-15 23:29:53"}
{"level":"info","message":"[AUDIT] Action: LOGIN_SUCCESS | User: Dra. Patricia Restrepo (autorizador) | Details: Inicio de sesión exitoso","timestamp":"2026-07-15 23:29:56"}
{"level":"info","message":"[AUDIT] Action: UPDATE_REQUEST_STATUS | User: Dra. Patricia Restrepo (autorizador) | Details: Estado de solicitud 6a585d1320805f8b29f47f21 cambiado de pendiente a informacion_adicional. Obs: Faltan detallar el valor. ","timestamp":"2026-07-15 23:30:42"}
{"level":"info","message":"[AUDIT] Action: LOGOUT | User: Dra. Patricia Restrepo (autorizador) | Details: Cierre de sesión","timestamp":"2026-07-15 23:30:46"}
{"level":"info","message":"[AUDIT] Action: LOGIN_SUCCESS | User: Dr. Alejandro Martínez (medico) | Details: Inicio de sesión exitoso","timestamp":"2026-07-15 23:30:49"}
{"level":"info","message":"[AUDIT] Action: LOGOUT | User: Dr. Alejandro Martínez (medico) | Details: Cierre de sesión","timestamp":"2026-07-15 23:31:06"}
{"level":"info","message":"[AUDIT] Action: LOGIN_SUCCESS | User: Administrador Oficina Virtual (administrador) | Details: Inicio de sesión exitoso","timestamp":"2026-07-15 23:31:09"}
{"level":"info","message":"[AUDIT] Action: LOGOUT | User: Administrador Oficina Virtual (administrador) | Details: Cierre de sesión","timestamp":"2026-07-15 23:32:01"}
{"level":"info","message":"Recibida señal de apagado, cerrando servidor...","timestamp":"2026-07-15 23:32:11"}
{"level":"info","message":"Intentando conectar a MongoDB en mongodb://127.0.0.1:27017/BD_OfVirtual...","timestamp":"2026-07-17 21:08:42"}
{"level":"info","message":"MongoDB conectado exitosamente","timestamp":"2026-07-17 21:08:42"}
{"level":"info","message":"=================================","timestamp":"2026-07-17 21:08:42"}
{"level":"info","message":" Servidor iniciado en puerto 4000 ","timestamp":"2026-07-17 21:08:42"}
{"level":"info","message":" Entorno: development ","timestamp":"2026-07-17 21:08:42"}
{"level":"info","message":" Documentación: http://localhost:4000/api-docs ","timestamp":"2026-07-17 21:08:42"}
{"level":"info","message":"=================================","timestamp":"2026-07-17 21:08:42"}
{"level":"info","message":"[AUDIT] Action: LOGIN_SUCCESS | User: Dr. Alejandro Martínez (medico) | Details: Inicio de sesión exitoso","timestamp":"2026-07-17 21:09:28"}
{"level":"info","message":"[AUDIT] Action: CREATE_REQUEST | User: Dr. Alejandro Martínez (medico) | Details: Solicitud de autorización creada para el paciente: 44444444 (ID: 6a5ae0c8235e56fa05607781)","timestamp":"2026-07-17 21:11:20"}
{"level":"info","message":"[AUDIT] Action: LOGOUT | User: Dr. Alejandro Martínez (medico) | Details: Cierre de sesión","timestamp":"2026-07-17 21:11:25"}
{"level":"info","message":"[AUDIT] Action: LOGIN_SUCCESS | User: Dra. Patricia Restrepo (autorizador) | Details: Inicio de sesión exitoso","timestamp":"2026-07-17 21:11:28"}
{"level":"info","message":"[AUDIT] Action: UPDATE_REQUEST_STATUS | User: Dra. Patricia Restrepo (autorizador) | Details: Estado de solicitud 6a5ae0c8235e56fa05607781 cambiado de pendiente a aprobada. Obs: aprovado ","timestamp":"2026-07-17 21:12:02"}
{"level":"info","message":"[AUDIT] Action: LOGOUT | User: Dra. Patricia Restrepo (autorizador) | Details: Cierre de sesión","timestamp":"2026-07-17 21:12:15"}
{"level":"info","message":"[AUDIT] Action: LOGIN_SUCCESS | User: Dr. Alejandro Martínez (medico) | Details: Inicio de sesión exitoso","timestamp":"2026-07-17 21:12:17"}
{"level":"warn","message":"Intento de acceso con token inválido o expirado: TokenExpiredError: jwt expired","timestamp":"2026-07-17 21:27:49"}
{"level":"warn","message":"Intento de acceso con token inválido o expirado: TokenExpiredError: jwt expired","timestamp":"2026-07-17 21:42:49"}
{"level":"warn","message":"Intento de acceso con token inválido o expirado: TokenExpiredError: jwt expired","timestamp":"2026-07-17 21:57:49"}
{"level":"info","message":"[AUDIT] Action: LOGOUT | User: Dr. Alejandro Martínez (medico) | Details: Cierre de sesión","timestamp":"2026-07-17 22:06:13"}
{"level":"info","message":"[AUDIT] Action: LOGIN_SUCCESS | User: Administrador Oficina Virtual (administrador) | Details: Inicio de sesión exitoso","timestamp":"2026-07-17 22:06:15"}
{"level":"info","message":"[AUDIT] Action: LOGOUT | User: Administrador Oficina Virtual (administrador) | Details: Cierre de sesión","timestamp":"2026-07-17 22:12:44"}
{"level":"info","message":"[AUDIT] Action: LOGIN_SUCCESS | User: Administrador Oficina Virtual (administrador) | Details: Inicio de sesión exitoso","timestamp":"2026-07-17 22:12:46"}
{"level":"info","message":"Recibida señal de apagado, cerrando servidor...","timestamp":"2026-07-17 22:27:00"}
{"level":"info","message":"Intentando conectar a MongoDB en mongodb://127.0.0.1:27017/BD_OfVirtual...","timestamp":"2026-07-25 20:00:40"}
{"level":"info","message":"MongoDB conectado exitosamente","timestamp":"2026-07-25 20:00:40"}
{"level":"info","message":"=================================","timestamp":"2026-07-25 20:00:40"}
{"level":"info","message":" Servidor iniciado en puerto 4000 ","timestamp":"2026-07-25 20:00:40"}
{"level":"info","message":" Entorno: development ","timestamp":"2026-07-25 20:00:40"}
{"level":"info","message":" Documentación: http://localhost:4000/api-docs ","timestamp":"2026-07-25 20:00:40"}
{"level":"info","message":"=================================","timestamp":"2026-07-25 20:00:40"}
{"level":"info","message":"Recibida señal de apagado, cerrando servidor...","timestamp":"2026-07-25 20:00:50"}
{"level":"info","message":"Intentando conectar a MongoDB en mongodb://127.0.0.1:27017/oficina-virtual...","timestamp":"2026-07-25 20:01:22"}
{"level":"info","message":"MongoDB conectado exitosamente","timestamp":"2026-07-25 20:01:22"}
{"level":"info","message":"=================================","timestamp":"2026-07-25 20:01:22"}
{"level":"info","message":" Servidor iniciado en puerto 4000 ","timestamp":"2026-07-25 20:01:22"}
{"level":"info","message":" Entorno: development ","timestamp":"2026-07-25 20:01:22"}
{"level":"info","message":" Documentación: http://localhost:4000/api-docs ","timestamp":"2026-07-25 20:01:22"}
{"level":"info","message":"=================================","timestamp":"2026-07-25 20:01:22"}
{"level":"info","message":"Recibida señal de apagado, cerrando servidor...","timestamp":"2026-07-25 20:02:09"}
{"level":"info","message":"Intentando conectar a MongoDB en mongodb+srv://allrg1104:odZrI0xwsjhSq5UC@cluster0.xtqyw.mongodb.net/BD_OfVirtual?appName=Cluster0...","timestamp":"2026-07-25 20:02:38"}
{"level":"warn","message":"MongoDB desconectado","timestamp":"2026-07-25 20:02:38"}
{"level":"warn","message":"No se pudo conectar a la base de datos local de MongoDB. Iniciando base de datos en memoria (MongoMemoryServer)...","timestamp":"2026-07-25 20:02:38"}
{"level":"error","message":"Error en la conexión de MongoDB: Error: querySrv ECONNREFUSED _mongodb._tcp.cluster0.xtqyw.mongodb.net","timestamp":"2026-07-25 20:02:39"}
{"level":"info","message":"MongoMemoryServer iniciado en mongodb://127.0.0.1:34835/","timestamp":"2026-07-25 20:02:40"}
{"level":"info","message":"MongoDB conectado exitosamente","timestamp":"2026-07-25 20:02:40"}
{"level":"info","message":"=================================","timestamp":"2026-07-25 20:02:40"}
{"level":"info","message":" Servidor iniciado en puerto 4000 ","timestamp":"2026-07-25 20:02:40"}
{"level":"info","message":" Entorno: development ","timestamp":"2026-07-25 20:02:40"}
{"level":"info","message":" Documentación: http://localhost:4000/api-docs ","timestamp":"2026-07-25 20:02:40"}
{"level":"info","message":"=================================","timestamp":"2026-07-25 20:02:40"}
{"level":"info","message":"Recibida señal de apagado, cerrando servidor...","timestamp":"2026-07-25 20:02:50"}
{"level":"info","message":"Intentando conectar a MongoDB en mongodb://allrg1104:odZrI0xwsjhSq5UC@cluster0.xtqyw.mongodb.net/BD_OfVirtual?appName=Cluster0...","timestamp":"2026-07-25 20:13:41"}
{"level":"warn","message":"MongoDB desconectado","timestamp":"2026-07-25 20:13:44"}
{"level":"warn","message":"No se pudo conectar a la base de datos local de MongoDB. Iniciando base de datos en memoria (MongoMemoryServer)...","timestamp":"2026-07-25 20:13:44"}
{"level":"error","message":"Error en la conexión de MongoDB: MongoServerSelectionError: getaddrinfo ENOTFOUND cluster0.xtqyw.mongodb.net","timestamp":"2026-07-25 20:13:44"}
{"level":"info","message":"MongoMemoryServer iniciado en mongodb://127.0.0.1:8298/","timestamp":"2026-07-25 20:13:45"}
{"level":"info","message":"MongoDB conectado exitosamente","timestamp":"2026-07-25 20:13:45"}
{"level":"info","message":"=================================","timestamp":"2026-07-25 20:13:45"}
{"level":"info","message":" Servidor iniciado en puerto 4000 ","timestamp":"2026-07-25 20:13:45"}
{"level":"info","message":" Entorno: development ","timestamp":"2026-07-25 20:13:45"}
{"level":"info","message":" Documentación: http://localhost:4000/api-docs ","timestamp":"2026-07-25 20:13:45"}
{"level":"info","message":"=================================","timestamp":"2026-07-25 20:13:45"}
{"level":"info","message":"Recibida señal de apagado, cerrando servidor...","timestamp":"2026-07-25 20:13:53"}
{"level":"info","message":"Configurando servidores DNS: 8.8.8.8, 8.8.4.4","timestamp":"2026-07-25 20:30:56"}
{"level":"info","message":"Intentando conectar a MongoDB Atlas...","timestamp":"2026-07-25 20:30:56"}
{"level":"warn","message":"MongoDB desconectado.","timestamp":"2026-07-25 20:30:57"}
{"level":"error","message":"Error conectando a MongoDB Atlas: bad auth : Authentication failed.","timestamp":"2026-07-25 20:30:57"}
{"level":"info","message":"Iniciando MongoMemoryServer como fallback de development.","timestamp":"2026-07-25 20:30:57"}
{"level":"error","message":"Error en la conexión de MongoDB: bad auth : Authentication failed.","timestamp":"2026-07-25 20:30:58"}
{"level":"info","message":"MongoMemoryServer iniciado en fallback.","timestamp":"2026-07-25 20:30:58"}
{"level":"info","message":"MongoMemoryServer conectado exitosamente.","timestamp":"2026-07-25 20:30:58"}
{"level":"info","message":"=================================","timestamp":"2026-07-25 20:30:59"}
{"level":"info","message":" Servidor iniciado en puerto 4000 ","timestamp":"2026-07-25 20:30:59"}
{"level":"info","message":" Entorno: development ","timestamp":"2026-07-25 20:30:59"}
{"level":"info","message":" Documentación: http://localhost:4000/api-docs ","timestamp":"2026-07-25 20:30:59"}
{"level":"info","message":"=================================","timestamp":"2026-07-25 20:30:59"}
{"level":"info","message":"Configurando servidores DNS: 8.8.8.8, 8.8.4.4","timestamp":"2026-07-25 20:31:17"}
{"level":"info","message":"Intentando conectar a MongoDB Atlas...","timestamp":"2026-07-25 20:31:17"}
{"level":"warn","message":"MongoDB desconectado.","timestamp":"2026-07-25 20:31:19"}
{"level":"info","message":"Configurando servidores DNS: 8.8.8.8, 8.8.4.4","timestamp":"2026-07-25 20:31:28"}
{"level":"info","message":"Intentando conectar a MongoDB Atlas...","timestamp":"2026-07-25 20:31:28"}
{"level":"warn","message":"MongoDB desconectado.","timestamp":"2026-07-25 20:31:29"}
{"level":"error","message":"Error conectando a MongoDB Atlas: bad auth : Authentication failed.","timestamp":"2026-07-25 20:31:29"}
{"level":"info","message":"Iniciando MongoMemoryServer como fallback de development.","timestamp":"2026-07-25 20:31:29"}
{"level":"error","message":"Error en la conexión de MongoDB: bad auth : Authentication failed.","timestamp":"2026-07-25 20:31:29"}
{"level":"info","message":"MongoMemoryServer iniciado en fallback.","timestamp":"2026-07-25 20:31:30"}
{"level":"info","message":"MongoMemoryServer conectado exitosamente.","timestamp":"2026-07-25 20:31:30"}
{"level":"info","message":"=================================","timestamp":"2026-07-25 20:31:31"}
{"level":"info","message":" Servidor iniciado en puerto 4000 ","timestamp":"2026-07-25 20:31:31"}
{"level":"info","message":" Entorno: development ","timestamp":"2026-07-25 20:31:31"}
{"level":"info","message":" Documentación: http://localhost:4000/api-docs ","timestamp":"2026-07-25 20:31:31"}
{"level":"info","message":"=================================","timestamp":"2026-07-25 20:31:31"}
{"level":"info","message":"Configurando servidores DNS: 8.8.8.8, 8.8.4.4","timestamp":"2026-07-25 20:33:18"}
{"level":"info","message":"Intentando conectar a MongoDB Atlas...","timestamp":"2026-07-25 20:33:18"}
{"level":"warn","message":"MongoDB desconectado.","timestamp":"2026-07-25 20:33:19"}
{"level":"error","message":"Error conectando a MongoDB Atlas: bad auth : Authentication failed.","timestamp":"2026-07-25 20:33:19"}
{"level":"info","message":"Iniciando MongoMemoryServer como fallback de development.","timestamp":"2026-07-25 20:33:19"}
{"level":"error","message":"Error en la conexión de MongoDB: bad auth : Authentication failed.","timestamp":"2026-07-25 20:33:19"}
{"level":"info","message":"MongoMemoryServer iniciado en fallback.","timestamp":"2026-07-25 20:33:20"}
{"level":"info","message":"MongoMemoryServer conectado exitosamente.","timestamp":"2026-07-25 20:33:20"}
{"level":"info","message":"Configurando servidores DNS: 8.8.8.8, 8.8.4.4","timestamp":"2026-07-25 20:33:46"}
{"level":"info","message":"Intentando conectar a MongoDB Atlas...","timestamp":"2026-07-25 20:33:46"}
{"level":"info","message":"MongoDB Atlas conectado exitosamente.","timestamp":"2026-07-25 20:33:47"}
{"level":"info","message":"Configurando servidores DNS: 8.8.8.8, 8.8.4.4","timestamp":"2026-07-25 20:34:44"}
{"level":"info","message":"Intentando conectar a MongoDB Atlas...","timestamp":"2026-07-25 20:34:44"}
{"level":"info","message":"MongoDB Atlas conectado exitosamente.","timestamp":"2026-07-25 20:34:45"}
{"level":"info","message":"=================================","timestamp":"2026-07-25 20:34:46"}
{"level":"info","message":" Servidor iniciado en puerto 4000 ","timestamp":"2026-07-25 20:34:46"}
{"level":"info","message":" Entorno: development ","timestamp":"2026-07-25 20:34:46"}
{"level":"info","message":" Documentación: http://localhost:4000/api-docs ","timestamp":"2026-07-25 20:34:46"}
{"level":"info","message":"=================================","timestamp":"2026-07-25 20:34:46"}
{"level":"info","message":"[AUDIT] Action: LOGIN_FAILED | User: Sistema / Anónimo (N/A) | Details: Intento fallido para el correo: medico@oficinavirtual.com","timestamp":"2026-07-25 20:35:09"}
{"level":"info","message":"[AUDIT] Action: LOGIN_FAILED | User: Sistema / Anónimo (N/A) | Details: Intento fallido para el correo: admin@oficinavirtual.com","timestamp":"2026-07-25 20:35:14"}
{"level":"info","message":"[AUDIT] Action: LOGIN_FAILED | User: Sistema / Anónimo (N/A) | Details: Intento fallido para el correo: autorizador@oficinavirtual.com","timestamp":"2026-07-25 20:35:25"}
{"level":"info","message":"[AUDIT] Action: LOGIN_FAILED | User: Sistema / Anónimo (N/A) | Details: Intento fallido para el correo: medico@oficinavirtual.com","timestamp":"2026-07-25 20:35:39"}
{"level":"info","message":"Recibida señal de apagado, cerrando servidor...","timestamp":"2026-07-25 20:36:05"}
{"level":"info","message":"Iniciando semilla de base de datos...","timestamp":"2026-07-25 20:36:12"}
{"level":"info","message":"Configurando servidores DNS: 8.8.8.8, 8.8.4.4","timestamp":"2026-07-25 20:36:12"}
{"level":"info","message":"Intentando conectar a MongoDB Atlas...","timestamp":"2026-07-25 20:36:12"}
{"level":"info","message":"MongoDB Atlas conectado exitosamente.","timestamp":"2026-07-25 20:36:14"}
{"level":"info","message":"Rol 'administrador' creado.","timestamp":"2026-07-25 20:36:14"}
{"level":"info","message":"Rol 'autorizador' creado.","timestamp":"2026-07-25 20:36:15"}
{"level":"info","message":"Rol 'medico' creado.","timestamp":"2026-07-25 20:36:15"}
{"level":"info","message":"Usuario Administrador de prueba creado (admin@oficinavirtual.com / Admin123*).","timestamp":"2026-07-25 20:36:15"}
{"level":"info","message":"Usuario Médico de prueba creado (medico@oficinavirtual.com / Medico123*).","timestamp":"2026-07-25 20:36:15"}
{"level":"info","message":"Usuario Autorizador de prueba creado (autorizador@oficinavirtual.com / Autorizador123*).","timestamp":"2026-07-25 20:36:15"}
{"level":"info","message":"Configurando servidores DNS: 8.8.8.8, 8.8.4.4","timestamp":"2026-07-25 20:36:41"}
{"level":"info","message":"Intentando conectar a MongoDB Atlas...","timestamp":"2026-07-25 20:36:41"}
{"level":"info","message":"MongoDB Atlas conectado exitosamente.","timestamp":"2026-07-25 20:36:42"}
{"level":"info","message":"=================================","timestamp":"2026-07-25 20:36:43"}
{"level":"info","message":" Servidor iniciado en puerto 4000 ","timestamp":"2026-07-25 20:36:43"}
{"level":"info","message":" Entorno: development ","timestamp":"2026-07-25 20:36:43"}
{"level":"info","message":" Documentación: http://localhost:4000/api-docs ","timestamp":"2026-07-25 20:36:43"}
{"level":"info","message":"=================================","timestamp":"2026-07-25 20:36:43"}
{"level":"info","message":"[AUDIT] Action: LOGIN_SUCCESS | User: Dr. Alejandro Martínez (medico) | Details: Inicio de sesión exitoso","timestamp":"2026-07-25 20:36:51"}
{"level":"info","message":"[AUDIT] Action: CREATE_REQUEST | User: Dr. Alejandro Martínez (medico) | Details: Solicitud de autorización creada para el paciente: 1144101596 (ID: 6a65655831a2e6db36590201)","timestamp":"2026-07-25 20:39:37"}
{"level":"info","message":"[AUDIT] Action: LOGOUT | User: Dr. Alejandro Martínez (medico) | Details: Cierre de sesión","timestamp":"2026-07-25 20:39:55"}
{"level":"info","message":"[AUDIT] Action: LOGIN_SUCCESS | User: Dra. Patricia Restrepo (autorizador) | Details: Inicio de sesión exitoso","timestamp":"2026-07-25 20:39:59"}
{"level":"info","message":"Recibida señal de apagado, cerrando servidor...","timestamp":"2026-07-25 20:41:14"}
{"level":"info","message":"Servidor HTTP cerrado.","timestamp":"2026-07-25 20:43:04"}
{"level":"warn","message":"MongoDB desconectado.","timestamp":"2026-07-25 20:43:04"}
{"level":"info","message":"Configurando servidores DNS locales: 8.8.8.8, 8.8.4.4","timestamp":"2026-07-25 21:50:04"}
{"level":"info","message":"Intentando conectar a MongoDB Atlas...","timestamp":"2026-07-25 21:50:04"}
{"level":"info","message":"Configurando servidores DNS locales: 8.8.8.8, 8.8.4.4","timestamp":"2026-07-25 21:50:04"}
{"level":"info","message":"Intentando conectar a MongoDB Atlas...","timestamp":"2026-07-25 21:50:04"}
{"level":"info","message":"MongoDB Atlas conectado exitosamente.","timestamp":"2026-07-25 21:50:05"}
{"level":"info","message":"=================================","timestamp":"2026-07-25 21:50:08"}
{"level":"info","message":" Servidor iniciado en puerto 4000 ","timestamp":"2026-07-25 21:50:08"}
{"level":"info","message":" Entorno: development ","timestamp":"2026-07-25 21:50:08"}
{"level":"info","message":" Documentación: http://localhost:4000/api-docs ","timestamp":"2026-07-25 21:50:08"}
{"level":"info","message":"=================================","timestamp":"2026-07-25 21:50:08"}
{"level":"info","message":"Configurando servidores DNS locales: 8.8.8.8, 8.8.4.4","timestamp":"2026-07-25 21:50:08"}
{"level":"info","message":"Intentando conectar a MongoDB Atlas...","timestamp":"2026-07-25 21:50:08"}
{"level":"info","message":"MongoDB Atlas conectado exitosamente.","timestamp":"2026-07-25 21:50:09"}
{"level":"info","message":"=================================","timestamp":"2026-07-25 21:50:10"}
{"level":"info","message":" Servidor iniciado en puerto 4000 ","timestamp":"2026-07-25 21:50:10"}
{"level":"info","message":" Entorno: development ","timestamp":"2026-07-25 21:50:10"}
{"level":"info","message":" Documentación: http://localhost:4000/api-docs ","timestamp":"2026-07-25 21:50:10"}
{"level":"info","message":"=================================","timestamp":"2026-07-25 21:50:10"}
{"level":"info","message":"Configurando servidores DNS locales: 8.8.8.8, 8.8.4.4","timestamp":"2026-07-25 21:50:30"}
{"level":"info","message":"Intentando conectar a MongoDB Atlas...","timestamp":"2026-07-25 21:50:30"}
{"level":"info","message":"MongoDB Atlas conectado exitosamente.","timestamp":"2026-07-25 21:50:31"}
{"level":"info","message":"=================================","timestamp":"2026-07-25 21:50:32"}
{"level":"info","message":" Servidor iniciado en puerto 4000 ","timestamp":"2026-07-25 21:50:32"}
{"level":"info","message":" Entorno: development ","timestamp":"2026-07-25 21:50:32"}
{"level":"info","message":" Documentación: http://localhost:4000/api-docs ","timestamp":"2026-07-25 21:50:32"}
{"level":"info","message":"=================================","timestamp":"2026-07-25 21:50:32"}
{"level":"info","message":"[AUDIT] Action: LOGIN_SUCCESS | User: Dr. Alejandro Martínez (medico) | Details: Inicio de sesión exitoso","timestamp":"2026-07-25 21:50:43"}
{"level":"info","message":"Configurando servidores DNS locales: 8.8.8.8, 8.8.4.4","timestamp":"2026-07-25 22:05:33"}
{"level":"info","message":"Intentando conectar a MongoDB Atlas...","timestamp":"2026-07-25 22:05:33"}
{"level":"info","message":"MongoDB Atlas conectado exitosamente.","timestamp":"2026-07-25 22:05:34"}
{"level":"info","message":"=================================","timestamp":"2026-07-25 22:05:35"}
{"level":"info","message":" Servidor iniciado en puerto 4000 ","timestamp":"2026-07-25 22:05:35"}
{"level":"info","message":" Entorno: development ","timestamp":"2026-07-25 22:05:35"}
{"level":"info","message":" Documentación: http://localhost:4000/api-docs ","timestamp":"2026-07-25 22:05:35"}
{"level":"info","message":"=================================","timestamp":"2026-07-25 22:05:35"}
{"level":"info","message":"[AUDIT] Action: LOGIN_SUCCESS | User: Dr. Alejandro Martínez (medico) | Details: Inicio de sesión exitoso","timestamp":"2026-07-25 22:05:45"}
{"level":"info","message":"[AUDIT] Action: LOGOUT | User: Dr. Alejandro Martínez (medico) | Details: Cierre de sesión","timestamp":"2026-07-25 22:06:03"}
{"level":"info","message":"Recibida señal de apagado, cerrando servidor...","timestamp":"2026-07-25 22:06:12"}
{"level":"info","message":"Servidor HTTP cerrado.","timestamp":"2026-07-25 22:06:12"}
{"level":"info","message":"Iniciando semilla de base de datos...","timestamp":"2026-07-26 16:03:59"}
{"level":"info","message":"Configurando servidores DNS locales: 8.8.8.8, 8.8.4.4","timestamp":"2026-07-26 16:03:59"}
{"level":"info","message":"Intentando conectar a MongoDB Atlas...","timestamp":"2026-07-26 16:03:59"}
{"level":"info","message":"MongoDB Atlas conectado exitosamente.","timestamp":"2026-07-26 16:04:00"}
{"level":"info","message":"Rol 'administrador' ya existía. Permisos actualizados.","timestamp":"2026-07-26 16:04:00"}
{"level":"info","message":"Rol 'autorizador' ya existía. Permisos actualizados.","timestamp":"2026-07-26 16:04:01"}
{"level":"info","message":"Rol 'medico' ya existía. Permisos actualizados.","timestamp":"2026-07-26 16:04:01"}
{"level":"info","message":"Usuario Administrador ya existe.","timestamp":"2026-07-26 16:04:01"}
{"level":"info","message":"Usuario Médico ya existe.","timestamp":"2026-07-26 16:04:01"}
{"level":"info","message":"Usuario Autorizador ya existe.","timestamp":"2026-07-26 16:04:01"}
{"level":"info","message":"Programa 'AMBULATORIO ESENCIAL' creado.","timestamp":"2026-07-26 16:04:01"}
{"level":"info","message":"Programa 'AMBULATORIO ESPECIAL' creado.","timestamp":"2026-07-26 16:04:02"}
{"level":"info","message":"Programa 'ASOCIADO' creado.","timestamp":"2026-07-26 16:04:02"}
{"level":"info","message":"Programa 'CLASICO' creado.","timestamp":"2026-07-26 16:04:02"}
{"level":"info","message":"Programa 'HOSPITALIZACION CIRUGIA MATERNIDAD' creado.","timestamp":"2026-07-26 16:04:02"}
{"level":"info","message":"Programa 'ORO' creado.","timestamp":"2026-07-26 16:04:02"}
{"level":"info","message":"Programa 'ORO PLUS' creado.","timestamp":"2026-07-26 16:04:02"}
{"level":"info","message":"Programa 'ORO PRIME EMPRESARIAL' creado.","timestamp":"2026-07-26 16:04:03"}
{"level":"info","message":"Programa 'PLATA' creado.","timestamp":"2026-07-26 16:04:03"}
{"level":"info","message":"Programa 'PLATA JOVEN' creado.","timestamp":"2026-07-26 16:04:03"}
{"level":"info","message":"Programa 'PLATA PRIME' creado.","timestamp":"2026-07-26 16:04:03"}
{"level":"info","message":"Programa 'PREFERENTE' creado.","timestamp":"2026-07-26 16:04:03"}
{"level":"info","message":"Programa 'TRADICIONAL' creado.","timestamp":"2026-07-26 16:04:04"}
{"level":"info","message":"Programa 'TRADICIONAL ESPECIAL' creado.","timestamp":"2026-07-26 16:04:04"}
{"level":"info","message":"IPS 'BONSANA IPS SAS' creada con código 1.","timestamp":"2026-07-26 16:04:04"}
{"level":"info","message":"IPS 'CHRISTUS SINERGIA CLINICA FARALLONES' creada con código 2.","timestamp":"2026-07-26 16:04:04"}
{"level":"info","message":"IPS 'CHRISTUS SINERGIA CLÍNICA PALMA REAL S.A.S.' creada con código 3.","timestamp":"2026-07-26 16:04:05"}
{"level":"info","message":"IPS 'CLINICA BASILIA SA' creada con código 4.","timestamp":"2026-07-26 16:04:05"}
{"level":"info","message":"IPS 'CLINICA COLSANITAS S.A' creada con código 5.","timestamp":"2026-07-26 16:04:05"}
{"level":"info","message":"IPS 'CLÍNICA DE ALTA COMPLEJIDAD SANTA BÁRBARA S.A.S' creada con código 6.","timestamp":"2026-07-26 16:04:05"}
{"level":"info","message":"IPS 'CLINICA DE OCCIDENTE SA' creada con código 7.","timestamp":"2026-07-26 16:04:05"}
{"level":"info","message":"IPS 'CLINICA IMBANACO S.A.S.' creada con código 8.","timestamp":"2026-07-26 16:04:05"}
{"level":"info","message":"IPS 'CLINICA NUESTRA SEÑORA DE LOS REMEDIOS' creada con código 9.","timestamp":"2026-07-26 16:04:06"}
{"level":"info","message":"IPS 'CLINICA OFTALMOLOGICA DE CALI' creada con código 10.","timestamp":"2026-07-26 16:04:06"}
{"level":"info","message":"IPS 'CLINICA SAN FRANCISCO SA' creada con código 11.","timestamp":"2026-07-26 16:04:06"}
{"level":"info","message":"IPS 'CLINICA SAN RAFAEL DE POPAYÁN SAS' creada con código 12.","timestamp":"2026-07-26 16:04:06"}
{"level":"info","message":"IPS 'COOMEVA EXPERIENCIA MEDICA SAS' creada con código 13.","timestamp":"2026-07-26 16:04:06"}
{"level":"info","message":"IPS 'DIME CLINICA NEUROCARDIOVASCULAR' creada con código 14.","timestamp":"2026-07-26 16:04:07"}
{"level":"info","message":"IPS 'DUMIAN MEDICAL SAS' creada con código 15.","timestamp":"2026-07-26 16:04:07"}
{"level":"info","message":"IPS 'FUNDACION CLINICA VALLE DEL LILI' creada con código 16.","timestamp":"2026-07-26 16:04:07"}
{"level":"info","message":"IPS 'FUNDACION HOSPITAL SAN PEDRO' creada con código 17.","timestamp":"2026-07-26 16:04:07"}
{"level":"info","message":"IPS 'HOSP UNIVERSITARIO SAN JOSE' creada con código 18.","timestamp":"2026-07-26 16:04:07"}
{"level":"info","message":"IPS 'HOSPITAL DEPARTAMENTAL TOMAS URIBE URIBE DE TULUA E' creada con código 19.","timestamp":"2026-07-26 16:04:07"}
{"level":"info","message":"IPS 'HOSPITAL SAN JOSE DE BUGA' creada con código 20.","timestamp":"2026-07-26 16:04:08"}
{"level":"info","message":"IPS 'HOSPITAL SUSANA LOPEZ' creada con código 21.","timestamp":"2026-07-26 16:04:08"}
{"level":"info","message":"IPS 'HOSPITAL UNIVERSITARIO DEPARTAMENTAL DE NARIÑO EMPR' creada con código 22.","timestamp":"2026-07-26 16:04:08"}
{"level":"info","message":"Configurando servidores DNS locales: 8.8.8.8, 8.8.4.4","timestamp":"2026-07-26 16:04:19"}
{"level":"info","message":"Intentando conectar a MongoDB Atlas...","timestamp":"2026-07-26 16:04:19"}
{"level":"info","message":"MongoDB Atlas conectado exitosamente.","timestamp":"2026-07-26 16:04:20"}
{"level":"info","message":"=================================","timestamp":"2026-07-26 16:04:23"}
{"level":"info","message":" Servidor iniciado en puerto 4000 ","timestamp":"2026-07-26 16:04:23"}
{"level":"info","message":" Entorno: development ","timestamp":"2026-07-26 16:04:23"}
{"level":"info","message":" Documentación: http://localhost:4000/api-docs ","timestamp":"2026-07-26 16:04:23"}
{"level":"info","message":"=================================","timestamp":"2026-07-26 16:04:23"}
{"level":"info","message":"Configurando servidores DNS locales: 8.8.8.8, 8.8.4.4","timestamp":"2026-07-26 16:04:23"}
{"level":"info","message":"Intentando conectar a MongoDB Atlas...","timestamp":"2026-07-26 16:04:23"}
{"level":"info","message":"MongoDB Atlas conectado exitosamente.","timestamp":"2026-07-26 16:04:25"}
{"level":"info","message":"=================================","timestamp":"2026-07-26 16:04:25"}
{"level":"info","message":" Servidor iniciado en puerto 4000 ","timestamp":"2026-07-26 16:04:25"}
{"level":"info","message":" Entorno: development ","timestamp":"2026-07-26 16:04:25"}
{"level":"info","message":" Documentación: http://localhost:4000/api-docs ","timestamp":"2026-07-26 16:04:25"}
{"level":"info","message":"=================================","timestamp":"2026-07-26 16:04:25"}
{"level":"info","message":"Configurando servidores DNS locales: 8.8.8.8, 8.8.4.4","timestamp":"2026-07-26 16:07:53"}
{"level":"info","message":"Intentando conectar a MongoDB Atlas...","timestamp":"2026-07-26 16:07:53"}
{"level":"info","message":"MongoDB Atlas conectado exitosamente.","timestamp":"2026-07-26 16:07:55"}
{"level":"info","message":"=================================","timestamp":"2026-07-26 16:07:56"}
{"level":"info","message":" Servidor iniciado en puerto 4000 ","timestamp":"2026-07-26 16:07:56"}
{"level":"info","message":" Entorno: development ","timestamp":"2026-07-26 16:07:56"}
{"level":"info","message":" Documentación: http://localhost:4000/api-docs ","timestamp":"2026-07-26 16:07:56"}
{"level":"info","message":"=================================","timestamp":"2026-07-26 16:07:56"}
{"level":"info","message":"Configurando servidores DNS locales: 8.8.8.8, 8.8.4.4","timestamp":"2026-07-26 16:09:47"}
{"level":"info","message":"Intentando conectar a MongoDB Atlas...","timestamp":"2026-07-26 16:09:47"}
{"level":"info","message":"MongoDB Atlas conectado exitosamente.","timestamp":"2026-07-26 16:09:49"}
{"level":"info","message":"Configurando servidores DNS locales: 8.8.8.8, 8.8.4.4","timestamp":"2026-07-26 16:10:27"}
{"level":"info","message":"Intentando conectar a MongoDB Atlas...","timestamp":"2026-07-26 16:10:27"}
{"level":"info","message":"MongoDB Atlas conectado exitosamente.","timestamp":"2026-07-26 16:10:28"}
{"level":"info","message":"Configurando servidores DNS locales: 8.8.8.8, 8.8.4.4","timestamp":"2026-07-26 16:12:29"}
{"level":"info","message":"Intentando conectar a MongoDB Atlas...","timestamp":"2026-07-26 16:12:29"}
{"level":"info","message":"MongoDB Atlas conectado exitosamente.","timestamp":"2026-07-26 16:12:30"}
{"level":"info","message":"Configurando servidores DNS locales: 8.8.8.8, 8.8.4.4","timestamp":"2026-07-26 16:13:23"}
{"level":"info","message":"Intentando conectar a MongoDB Atlas...","timestamp":"2026-07-26 16:13:23"}
{"level":"info","message":"MongoDB Atlas conectado exitosamente.","timestamp":"2026-07-26 16:13:24"}
{"level":"info","message":"=================================","timestamp":"2026-07-26 16:13:25"}
{"level":"info","message":" Servidor iniciado en puerto 4000 ","timestamp":"2026-07-26 16:13:25"}
{"level":"info","message":" Entorno: development ","timestamp":"2026-07-26 16:13:25"}
{"level":"info","message":" Documentación: http://localhost:4000/api-docs ","timestamp":"2026-07-26 16:13:25"}
{"level":"info","message":"=================================","timestamp":"2026-07-26 16:13:25"}
{"level":"info","message":"[AUDIT] Action: LOGIN_SUCCESS | User: Dr. Alejandro Martínez (medico) | Details: Inicio de sesión exitoso","timestamp":"2026-07-26 16:13:41"}
{"level":"info","message":"[AUDIT] Action: CREATE_REQUEST | User: Dr. Alejandro Martínez (medico) | Details: Solicitud de autorización creada para el paciente: 1110370028 (ID: 6a6679032cb5ce92e9e7e9f0)","timestamp":"2026-07-26 16:15:48"}
{"level":"info","message":"[AUDIT] Action: LOGOUT | User: Dr. Alejandro Martínez (medico) | Details: Cierre de sesión","timestamp":"2026-07-26 16:16:02"}
{"level":"info","message":"[AUDIT] Action: LOGIN_SUCCESS | User: Dr. GUILLERMO GIRALDO (autorizador) | Details: Inicio de sesión exitoso","timestamp":"2026-07-26 16:16:06"}
{"level":"info","message":"[AUDIT] Action: UPDATE_REQUEST_STATUS | User: Dr. GUILLERMO GIRALDO (autorizador) | Details: Estado de solicitud 6a6679032cb5ce92e9e7e9f0 cambiado de pendiente a rechazada. Obs: Se requiere historial clinico. ","timestamp":"2026-07-26 16:17:14"}
{"level":"info","message":"[AUDIT] Action: LOGOUT | User: Dr. GUILLERMO GIRALDO (autorizador) | Details: Cierre de sesión","timestamp":"2026-07-26 16:17:23"}
{"level":"info","message":"[AUDIT] Action: LOGIN_SUCCESS | User: Administrador Oficina Virtual (administrador) | Details: Inicio de sesión exitoso","timestamp":"2026-07-26 16:17:27"}
{"level":"info","message":"[AUDIT] Action: LOGOUT | User: Administrador Oficina Virtual (administrador) | Details: Cierre de sesión","timestamp":"2026-07-26 16:18:41"}
{"level":"info","message":"[AUDIT] Action: LOGIN_SUCCESS | User: Dr. Alejandro Martínez (medico) | Details: Inicio de sesión exitoso","timestamp":"2026-07-26 16:18:46"}
{"level":"warn","message":"Intento de acceso con token inválido o expirado: TokenExpiredError: jwt expired","timestamp":"2026-07-26 16:34:12"}
{"level":"warn","message":"Intento de acceso con token inválido o expirado: TokenExpiredError: jwt expired","timestamp":"2026-07-26 16:50:12"}
